/*
 * Copyright (C) YuqiaoZhang(HanetakaChou)
 * 
 * This program is free software: you can redistribute it and/or modify
 * it under the terms of the GNU Lesser General Public License as published
 * by the Free Software Foundation, either version 3 of the License, or
 * (at your option) any later version.
 * 
 * This program is distributed in the hope that it will be useful,
 * but WITHOUT ANY WARRANTY; without even the implied warranty of
 * MERCHANTABILITY or FITNESS FOR A PARTICULAR PURPOSE.  See the
 * GNU Lesser General Public License for more details.
 * 
 * You should have received a copy of the GNU Lesser General Public License
 * along with this program.  If not, see <https://www.gnu.org/licenses/>.
 */

{
    global:
        brx_motion_create_video_capture;
        brx_motion_destroy_video_capture;
        brx_motion_create_video_detector;
        brx_motion_destroy_video_detector;
        brx_motion_create_animation;
        brx_motion_destroy_animation;
        brx_motion_create_animation_instance;
        brx_motion_destroy_animation_instance;
        brx_motion_create_skeleton;
        brx_motion_destroy_skeleton;
        brx_motion_create_skeleton_instance;
        brx_motion_destroy_skeleton_instance;
    local:
        *;
};
